<?xml version="1.0" encoding="utf-8"?><testsuites><testsuite name="pytest" errors="0" failures="0" skipped="0" tests="4" time="1.573" timestamp="2025-01-11T16:56:34.301124" hostname="felipe-Lenovo-YOGA-720-13IKB"><testcase classname="tests.api.test_api.TestBatchPipeline" name="test_should_failed_unkown_column_1" time="0.023" /><testcase classname="tests.api.test_api.TestBatchPipeline" name="test_should_failed_unkown_column_2" time="0.007" /><testcase classname="tests.api.test_api.TestBatchPipeline" name="test_should_failed_unkown_column_3" time="0.008" /><testcase classname="tests.api.test_api.TestBatchPipeline" name="test_should_get_predict" time="0.016" /></testsuite></testsuites>